\BOOKMARK [1][-]{section.1}{\376\377\000I\000n\000t\000r\000o\000d\000u\000\347\000\343\000o}{}% 1
\BOOKMARK [1][-]{section.2}{\376\377\000M\000e\000t\000o\000d\000o\000l\000o\000g\000i\000a}{}% 2
\BOOKMARK [2][-]{subsection.2.1}{\376\377\000C\000o\000n\000f\000i\000g\000u\000r\000a\000\347\000\343\000o\000\040\000d\000o\000\040\000E\000x\000p\000e\000r\000i\000m\000e\000n\000t\000o\000\040\000c\000o\000m\000\040\000D\000a\000d\000o\000s\000\040\000S\000i\000n\000t\000\351\000t\000i\000c\000o\000s}{section.2}% 3
\BOOKMARK [2][-]{subsection.2.2}{\376\377\000P\000r\000o\000t\000o\000c\000o\000l\000o\000s\000\040\000d\000e\000\040\000O\000v\000e\000r\000l\000a\000p\000\040\000e\000\040\000D\000e\000s\000b\000a\000l\000a\000n\000c\000e\000a\000m\000e\000n\000t\000o}{section.2}% 4
\BOOKMARK [2][-]{subsection.2.3}{\376\377\000T\000\351\000c\000n\000i\000c\000a\000s\000\040\000d\000e\000\040\000N\000o\000r\000m\000a\000l\000i\000z\000a\000\347\000\343\000o}{section.2}% 5
\BOOKMARK [2][-]{subsection.2.4}{\376\377\000M\000o\000d\000e\000l\000o\000s\000\040\000d\000e\000\040\000C\000l\000a\000s\000s\000i\000f\000i\000c\000a\000\347\000\343\000o}{section.2}% 6
\BOOKMARK [2][-]{subsection.2.5}{\376\377\000A\000m\000b\000i\000e\000n\000t\000e\000\040\000d\000e\000\040\000E\000x\000e\000c\000u\000\347\000\343\000o\000\040\000e\000\040\000P\000r\000o\000t\000o\000c\000o\000l\000o\000\040\000d\000e\000\040\000T\000e\000s\000t\000e}{section.2}% 7
\BOOKMARK [1][-]{section.3}{\376\377\000R\000e\000s\000u\000l\000t\000a\000d\000o\000s\000\040\000e\000\040\000D\000i\000s\000c\000u\000s\000s\000\343\000o}{}% 8
\BOOKMARK [2][-]{subsection.3.1}{\376\377\000V\000i\000s\000\343\000o\000\040\000G\000e\000r\000a\000l\000\040\000e\000\040\000D\000e\000s\000e\000m\000p\000e\000n\000h\000o\000\040\000p\000o\000r\000\040\000P\000a\000r\000a\000d\000i\000g\000m\000a}{section.3}% 9
\BOOKMARK [3][-]{subsubsection.3.1.1}{\376\377\000M\000o\000d\000e\000l\000o\000s\000\040\000d\000e\000\040\000A\000l\000t\000a\000\040\000S\000e\000n\000s\000i\000b\000i\000l\000i\000d\000a\000d\000e\000\040\000\050\000G\000P\000\040\000e\000\040\000K\000N\000N\000\051}{subsection.3.1}% 10
\BOOKMARK [3][-]{subsubsection.3.1.2}{\376\377\000R\000o\000b\000u\000s\000t\000e\000z\000\040\000d\000e\000\040\000M\000o\000d\000e\000l\000o\000s\000\040\000B\000a\000s\000e\000a\000d\000o\000s\000\040\000e\000m\000\040\000\301\000r\000v\000o\000r\000e\000s}{subsection.3.1}% 11
\BOOKMARK [2][-]{subsection.3.2}{\376\377\000I\000m\000p\000a\000c\000t\000o\000\040\000n\000a\000\040\000S\000o\000b\000r\000e\000p\000o\000s\000i\000\347\000\343\000o\000\040\000e\000\040\000D\000e\000s\000b\000a\000l\000a\000n\000c\000e\000a\000m\000e\000n\000t\000o}{section.3}% 12
\BOOKMARK [1][-]{section.4}{\376\377\000C\000o\000n\000c\000l\000u\000s\000\343\000o\000\040\000e\000\040\000T\000r\000a\000b\000a\000l\000h\000o\000s\000\040\000F\000u\000t\000u\000r\000o\000s}{}% 13
\BOOKMARK [2][-]{subsection.4.1}{\376\377\000T\000r\000a\000b\000a\000l\000h\000o\000s\000\040\000F\000u\000t\000u\000r\000o\000s}{section.4}% 14
\BOOKMARK [1][-]{section.5}{\376\377\000R\000e\000f\000e\000r\000\352\000n\000c\000i\000a\000s\000\040\000B\000i\000b\000l\000i\000o\000g\000r\000\341\000f\000i\000c\000a\000s}{}% 15
\BOOKMARK [1][-]{section.6}{\376\377\000A\000p\000\352\000n\000d\000i\000c\000e\000\040\000-\000\040\000R\000e\000s\000u\000l\000t\000a\000d\000o\000s\000\040\000D\000e\000t\000a\000l\000h\000a\000d\000o\000s}{}% 16
\BOOKMARK [2][-]{subsection.6.1}{\376\377\000M\000\351\000d\000i\000a\000s\000\040\000G\000l\000o\000b\000a\000i\000s\000\040\000p\000o\000r\000\040\000M\000o\000d\000e\000l\000o\000\040\000e\000\040\000M\000\351\000t\000r\000i\000c\000a}{section.6}% 17
\BOOKMARK [3][-]{subsubsection.6.1.1}{\376\377\000M\000\351\000t\000r\000i\000c\000a\000s\000\040\000G\000l\000o\000b\000a\000i\000s\000:\000\040\000A\000C\000C\000U\000R\000A\000C\000Y}{subsection.6.1}% 18
\BOOKMARK [3][-]{subsubsection.6.1.2}{\376\377\000M\000\351\000t\000r\000i\000c\000a\000s\000\040\000G\000l\000o\000b\000a\000i\000s\000:\000\040\000F\0001\000\040\000S\000C\000O\000R\000E}{subsection.6.1}% 19
\BOOKMARK [3][-]{subsubsection.6.1.3}{\376\377\000M\000\351\000t\000r\000i\000c\000a\000s\000\040\000G\000l\000o\000b\000a\000i\000s\000:\000\040\000G\000\040\000M\000E\000A\000N}{subsection.6.1}% 20
\BOOKMARK [3][-]{subsubsection.6.1.4}{\376\377\000M\000\351\000t\000r\000i\000c\000a\000s\000\040\000G\000l\000o\000b\000a\000i\000s\000:\000\040\000R\000O\000C\000\040\000A\000U\000C}{subsection.6.1}% 21
\BOOKMARK [2][-]{subsection.6.2}{\376\377\000G\000r\000i\000d\000s\000\040\000G\000r\000a\000n\000u\000l\000a\000r\000e\000s\000\040\000\050\000D\000a\000t\000a\000s\000e\000t\000\040\000p\000o\000r\000\040\000D\000a\000t\000a\000s\000e\000t\000\051}{section.6}% 22
\BOOKMARK [3][-]{subsubsection.6.2.1}{\376\377\000G\000r\000a\000n\000u\000l\000a\000r\000i\000d\000a\000d\000e\000:\000\040\000A\000d\000a\000B\000o\000o\000s\000t\000\040\000-\000\040\000A\000C\000C\000U\000R\000A\000C\000Y}{subsection.6.2}% 23
\BOOKMARK [3][-]{subsubsection.6.2.2}{\376\377\000G\000r\000a\000n\000u\000l\000a\000r\000i\000d\000a\000d\000e\000:\000\040\000A\000d\000a\000B\000o\000o\000s\000t\000\040\000-\000\040\000F\0001\000\040\000S\000C\000O\000R\000E}{subsection.6.2}% 24
\BOOKMARK [3][-]{subsubsection.6.2.3}{\376\377\000G\000r\000a\000n\000u\000l\000a\000r\000i\000d\000a\000d\000e\000:\000\040\000A\000d\000a\000B\000o\000o\000s\000t\000\040\000-\000\040\000G\000\040\000M\000E\000A\000N}{subsection.6.2}% 25
\BOOKMARK [3][-]{subsubsection.6.2.4}{\376\377\000G\000r\000a\000n\000u\000l\000a\000r\000i\000d\000a\000d\000e\000:\000\040\000A\000d\000a\000B\000o\000o\000s\000t\000\040\000-\000\040\000R\000O\000C\000\040\000A\000U\000C}{subsection.6.2}% 26
\BOOKMARK [3][-]{subsubsection.6.2.5}{\376\377\000G\000r\000a\000n\000u\000l\000a\000r\000i\000d\000a\000d\000e\000:\000\040\000B\000a\000g\000g\000i\000n\000g\000\040\000-\000\040\000A\000C\000C\000U\000R\000A\000C\000Y}{subsection.6.2}% 27
\BOOKMARK [3][-]{subsubsection.6.2.6}{\376\377\000G\000r\000a\000n\000u\000l\000a\000r\000i\000d\000a\000d\000e\000:\000\040\000B\000a\000g\000g\000i\000n\000g\000\040\000-\000\040\000F\0001\000\040\000S\000C\000O\000R\000E}{subsection.6.2}% 28
\BOOKMARK [3][-]{subsubsection.6.2.7}{\376\377\000G\000r\000a\000n\000u\000l\000a\000r\000i\000d\000a\000d\000e\000:\000\040\000B\000a\000g\000g\000i\000n\000g\000\040\000-\000\040\000G\000\040\000M\000E\000A\000N}{subsection.6.2}% 29
\BOOKMARK [3][-]{subsubsection.6.2.8}{\376\377\000G\000r\000a\000n\000u\000l\000a\000r\000i\000d\000a\000d\000e\000:\000\040\000B\000a\000g\000g\000i\000n\000g\000\040\000-\000\040\000R\000O\000C\000\040\000A\000U\000C}{subsection.6.2}% 30
\BOOKMARK [3][-]{subsubsection.6.2.9}{\376\377\000G\000r\000a\000n\000u\000l\000a\000r\000i\000d\000a\000d\000e\000:\000\040\000D\000T\000\040\000-\000\040\000A\000C\000C\000U\000R\000A\000C\000Y}{subsection.6.2}% 31
\BOOKMARK [3][-]{subsubsection.6.2.10}{\376\377\000G\000r\000a\000n\000u\000l\000a\000r\000i\000d\000a\000d\000e\000:\000\040\000D\000T\000\040\000-\000\040\000F\0001\000\040\000S\000C\000O\000R\000E}{subsection.6.2}% 32
\BOOKMARK [3][-]{subsubsection.6.2.11}{\376\377\000G\000r\000a\000n\000u\000l\000a\000r\000i\000d\000a\000d\000e\000:\000\040\000D\000T\000\040\000-\000\040\000G\000\040\000M\000E\000A\000N}{subsection.6.2}% 33
\BOOKMARK [3][-]{subsubsection.6.2.12}{\376\377\000G\000r\000a\000n\000u\000l\000a\000r\000i\000d\000a\000d\000e\000:\000\040\000D\000T\000\040\000-\000\040\000R\000O\000C\000\040\000A\000U\000C}{subsection.6.2}% 34
\BOOKMARK [3][-]{subsubsection.6.2.13}{\376\377\000G\000r\000a\000n\000u\000l\000a\000r\000i\000d\000a\000d\000e\000:\000\040\000G\000L\000Q\000V\000\040\000-\000\040\000A\000C\000C\000U\000R\000A\000C\000Y}{subsection.6.2}% 35
\BOOKMARK [3][-]{subsubsection.6.2.14}{\376\377\000G\000r\000a\000n\000u\000l\000a\000r\000i\000d\000a\000d\000e\000:\000\040\000G\000L\000Q\000V\000\040\000-\000\040\000F\0001\000\040\000S\000C\000O\000R\000E}{subsection.6.2}% 36
\BOOKMARK [3][-]{subsubsection.6.2.15}{\376\377\000G\000r\000a\000n\000u\000l\000a\000r\000i\000d\000a\000d\000e\000:\000\040\000G\000L\000Q\000V\000\040\000-\000\040\000G\000\040\000M\000E\000A\000N}{subsection.6.2}% 37
\BOOKMARK [3][-]{subsubsection.6.2.16}{\376\377\000G\000r\000a\000n\000u\000l\000a\000r\000i\000d\000a\000d\000e\000:\000\040\000G\000L\000Q\000V\000\040\000-\000\040\000R\000O\000C\000\040\000A\000U\000C}{subsection.6.2}% 38
\BOOKMARK [3][-]{subsubsection.6.2.17}{\376\377\000G\000r\000a\000n\000u\000l\000a\000r\000i\000d\000a\000d\000e\000:\000\040\000G\000N\000B\000\040\000-\000\040\000A\000C\000C\000U\000R\000A\000C\000Y}{subsection.6.2}% 39
\BOOKMARK [3][-]{subsubsection.6.2.18}{\376\377\000G\000r\000a\000n\000u\000l\000a\000r\000i\000d\000a\000d\000e\000:\000\040\000G\000N\000B\000\040\000-\000\040\000F\0001\000\040\000S\000C\000O\000R\000E}{subsection.6.2}% 40
\BOOKMARK [3][-]{subsubsection.6.2.19}{\376\377\000G\000r\000a\000n\000u\000l\000a\000r\000i\000d\000a\000d\000e\000:\000\040\000G\000N\000B\000\040\000-\000\040\000G\000\040\000M\000E\000A\000N}{subsection.6.2}% 41
\BOOKMARK [3][-]{subsubsection.6.2.20}{\376\377\000G\000r\000a\000n\000u\000l\000a\000r\000i\000d\000a\000d\000e\000:\000\040\000G\000N\000B\000\040\000-\000\040\000R\000O\000C\000\040\000A\000U\000C}{subsection.6.2}% 42
\BOOKMARK [3][-]{subsubsection.6.2.21}{\376\377\000G\000r\000a\000n\000u\000l\000a\000r\000i\000d\000a\000d\000e\000:\000\040\000G\000P\000\040\000-\000\040\000A\000C\000C\000U\000R\000A\000C\000Y}{subsection.6.2}% 43
\BOOKMARK [3][-]{subsubsection.6.2.22}{\376\377\000G\000r\000a\000n\000u\000l\000a\000r\000i\000d\000a\000d\000e\000:\000\040\000G\000P\000\040\000-\000\040\000F\0001\000\040\000S\000C\000O\000R\000E}{subsection.6.2}% 44
\BOOKMARK [3][-]{subsubsection.6.2.23}{\376\377\000G\000r\000a\000n\000u\000l\000a\000r\000i\000d\000a\000d\000e\000:\000\040\000G\000P\000\040\000-\000\040\000G\000\040\000M\000E\000A\000N}{subsection.6.2}% 45
\BOOKMARK [3][-]{subsubsection.6.2.24}{\376\377\000G\000r\000a\000n\000u\000l\000a\000r\000i\000d\000a\000d\000e\000:\000\040\000G\000P\000\040\000-\000\040\000R\000O\000C\000\040\000A\000U\000C}{subsection.6.2}% 46
\BOOKMARK [3][-]{subsubsection.6.2.25}{\376\377\000G\000r\000a\000n\000u\000l\000a\000r\000i\000d\000a\000d\000e\000:\000\040\000K\000N\000N\000\040\000-\000\040\000A\000C\000C\000U\000R\000A\000C\000Y}{subsection.6.2}% 47
\BOOKMARK [3][-]{subsubsection.6.2.26}{\376\377\000G\000r\000a\000n\000u\000l\000a\000r\000i\000d\000a\000d\000e\000:\000\040\000K\000N\000N\000\040\000-\000\040\000F\0001\000\040\000S\000C\000O\000R\000E}{subsection.6.2}% 48
\BOOKMARK [3][-]{subsubsection.6.2.27}{\376\377\000G\000r\000a\000n\000u\000l\000a\000r\000i\000d\000a\000d\000e\000:\000\040\000K\000N\000N\000\040\000-\000\040\000G\000\040\000M\000E\000A\000N}{subsection.6.2}% 49
\BOOKMARK [3][-]{subsubsection.6.2.28}{\376\377\000G\000r\000a\000n\000u\000l\000a\000r\000i\000d\000a\000d\000e\000:\000\040\000K\000N\000N\000\040\000-\000\040\000R\000O\000C\000\040\000A\000U\000C}{subsection.6.2}% 50
\BOOKMARK [3][-]{subsubsection.6.2.29}{\376\377\000G\000r\000a\000n\000u\000l\000a\000r\000i\000d\000a\000d\000e\000:\000\040\000K\000N\000O\000R\000A\000E\000\040\000-\000\040\000A\000C\000C\000U\000R\000A\000C\000Y}{subsection.6.2}% 51
\BOOKMARK [3][-]{subsubsection.6.2.30}{\376\377\000G\000r\000a\000n\000u\000l\000a\000r\000i\000d\000a\000d\000e\000:\000\040\000K\000N\000O\000R\000A\000E\000\040\000-\000\040\000F\0001\000\040\000S\000C\000O\000R\000E}{subsection.6.2}% 52
\BOOKMARK [3][-]{subsubsection.6.2.31}{\376\377\000G\000r\000a\000n\000u\000l\000a\000r\000i\000d\000a\000d\000e\000:\000\040\000K\000N\000O\000R\000A\000E\000\040\000-\000\040\000G\000\040\000M\000E\000A\000N}{subsection.6.2}% 53
\BOOKMARK [3][-]{subsubsection.6.2.32}{\376\377\000G\000r\000a\000n\000u\000l\000a\000r\000i\000d\000a\000d\000e\000:\000\040\000K\000N\000O\000R\000A\000E\000\040\000-\000\040\000R\000O\000C\000\040\000A\000U\000C}{subsection.6.2}% 54
\BOOKMARK [3][-]{subsubsection.6.2.33}{\376\377\000G\000r\000a\000n\000u\000l\000a\000r\000i\000d\000a\000d\000e\000:\000\040\000K\000N\000O\000R\000A\000U\000\040\000-\000\040\000A\000C\000C\000U\000R\000A\000C\000Y}{subsection.6.2}% 55
\BOOKMARK [3][-]{subsubsection.6.2.34}{\376\377\000G\000r\000a\000n\000u\000l\000a\000r\000i\000d\000a\000d\000e\000:\000\040\000K\000N\000O\000R\000A\000U\000\040\000-\000\040\000F\0001\000\040\000S\000C\000O\000R\000E}{subsection.6.2}% 56
\BOOKMARK [3][-]{subsubsection.6.2.35}{\376\377\000G\000r\000a\000n\000u\000l\000a\000r\000i\000d\000a\000d\000e\000:\000\040\000K\000N\000O\000R\000A\000U\000\040\000-\000\040\000G\000\040\000M\000E\000A\000N}{subsection.6.2}% 57
\BOOKMARK [3][-]{subsubsection.6.2.36}{\376\377\000G\000r\000a\000n\000u\000l\000a\000r\000i\000d\000a\000d\000e\000:\000\040\000K\000N\000O\000R\000A\000U\000\040\000-\000\040\000R\000O\000C\000\040\000A\000U\000C}{subsection.6.2}% 58
\BOOKMARK [3][-]{subsubsection.6.2.37}{\376\377\000G\000r\000a\000n\000u\000l\000a\000r\000i\000d\000a\000d\000e\000:\000\040\000L\000C\000A\000\040\000-\000\040\000A\000C\000C\000U\000R\000A\000C\000Y}{subsection.6.2}% 59
\BOOKMARK [3][-]{subsubsection.6.2.38}{\376\377\000G\000r\000a\000n\000u\000l\000a\000r\000i\000d\000a\000d\000e\000:\000\040\000L\000C\000A\000\040\000-\000\040\000F\0001\000\040\000S\000C\000O\000R\000E}{subsection.6.2}% 60
\BOOKMARK [3][-]{subsubsection.6.2.39}{\376\377\000G\000r\000a\000n\000u\000l\000a\000r\000i\000d\000a\000d\000e\000:\000\040\000L\000C\000A\000\040\000-\000\040\000G\000\040\000M\000E\000A\000N}{subsection.6.2}% 61
\BOOKMARK [3][-]{subsubsection.6.2.40}{\376\377\000G\000r\000a\000n\000u\000l\000a\000r\000i\000d\000a\000d\000e\000:\000\040\000L\000C\000A\000\040\000-\000\040\000R\000O\000C\000\040\000A\000U\000C}{subsection.6.2}% 62
\BOOKMARK [3][-]{subsubsection.6.2.41}{\376\377\000G\000r\000a\000n\000u\000l\000a\000r\000i\000d\000a\000d\000e\000:\000\040\000L\000D\000A\000\040\000-\000\040\000A\000C\000C\000U\000R\000A\000C\000Y}{subsection.6.2}% 63
\BOOKMARK [3][-]{subsubsection.6.2.42}{\376\377\000G\000r\000a\000n\000u\000l\000a\000r\000i\000d\000a\000d\000e\000:\000\040\000L\000D\000A\000\040\000-\000\040\000F\0001\000\040\000S\000C\000O\000R\000E}{subsection.6.2}% 64
\BOOKMARK [3][-]{subsubsection.6.2.43}{\376\377\000G\000r\000a\000n\000u\000l\000a\000r\000i\000d\000a\000d\000e\000:\000\040\000L\000D\000A\000\040\000-\000\040\000G\000\040\000M\000E\000A\000N}{subsection.6.2}% 65
\BOOKMARK [3][-]{subsubsection.6.2.44}{\376\377\000G\000r\000a\000n\000u\000l\000a\000r\000i\000d\000a\000d\000e\000:\000\040\000L\000D\000A\000\040\000-\000\040\000R\000O\000C\000\040\000A\000U\000C}{subsection.6.2}% 66
\BOOKMARK [3][-]{subsubsection.6.2.45}{\376\377\000G\000r\000a\000n\000u\000l\000a\000r\000i\000d\000a\000d\000e\000:\000\040\000L\000R\000\040\000-\000\040\000A\000C\000C\000U\000R\000A\000C\000Y}{subsection.6.2}% 67
\BOOKMARK [3][-]{subsubsection.6.2.46}{\376\377\000G\000r\000a\000n\000u\000l\000a\000r\000i\000d\000a\000d\000e\000:\000\040\000L\000R\000\040\000-\000\040\000F\0001\000\040\000S\000C\000O\000R\000E}{subsection.6.2}% 68
\BOOKMARK [3][-]{subsubsection.6.2.47}{\376\377\000G\000r\000a\000n\000u\000l\000a\000r\000i\000d\000a\000d\000e\000:\000\040\000L\000R\000\040\000-\000\040\000G\000\040\000M\000E\000A\000N}{subsection.6.2}% 69
\BOOKMARK [3][-]{subsubsection.6.2.48}{\376\377\000G\000r\000a\000n\000u\000l\000a\000r\000i\000d\000a\000d\000e\000:\000\040\000L\000R\000\040\000-\000\040\000R\000O\000C\000\040\000A\000U\000C}{subsection.6.2}% 70
\BOOKMARK [3][-]{subsubsection.6.2.49}{\376\377\000G\000r\000a\000n\000u\000l\000a\000r\000i\000d\000a\000d\000e\000:\000\040\000M\000C\000B\000\040\000-\000\040\000A\000C\000C\000U\000R\000A\000C\000Y}{subsection.6.2}% 71
\BOOKMARK [3][-]{subsubsection.6.2.50}{\376\377\000G\000r\000a\000n\000u\000l\000a\000r\000i\000d\000a\000d\000e\000:\000\040\000M\000C\000B\000\040\000-\000\040\000F\0001\000\040\000S\000C\000O\000R\000E}{subsection.6.2}% 72
\BOOKMARK [3][-]{subsubsection.6.2.51}{\376\377\000G\000r\000a\000n\000u\000l\000a\000r\000i\000d\000a\000d\000e\000:\000\040\000M\000C\000B\000\040\000-\000\040\000G\000\040\000M\000E\000A\000N}{subsection.6.2}% 73
\BOOKMARK [3][-]{subsubsection.6.2.52}{\376\377\000G\000r\000a\000n\000u\000l\000a\000r\000i\000d\000a\000d\000e\000:\000\040\000M\000C\000B\000\040\000-\000\040\000R\000O\000C\000\040\000A\000U\000C}{subsection.6.2}% 74
\BOOKMARK [3][-]{subsubsection.6.2.53}{\376\377\000G\000r\000a\000n\000u\000l\000a\000r\000i\000d\000a\000d\000e\000:\000\040\000M\000L\000P\000\040\000-\000\040\000A\000C\000C\000U\000R\000A\000C\000Y}{subsection.6.2}% 75
\BOOKMARK [3][-]{subsubsection.6.2.54}{\376\377\000G\000r\000a\000n\000u\000l\000a\000r\000i\000d\000a\000d\000e\000:\000\040\000M\000L\000P\000\040\000-\000\040\000F\0001\000\040\000S\000C\000O\000R\000E}{subsection.6.2}% 76
\BOOKMARK [3][-]{subsubsection.6.2.55}{\376\377\000G\000r\000a\000n\000u\000l\000a\000r\000i\000d\000a\000d\000e\000:\000\040\000M\000L\000P\000\040\000-\000\040\000G\000\040\000M\000E\000A\000N}{subsection.6.2}% 77
\BOOKMARK [3][-]{subsubsection.6.2.56}{\376\377\000G\000r\000a\000n\000u\000l\000a\000r\000i\000d\000a\000d\000e\000:\000\040\000M\000L\000P\000\040\000-\000\040\000R\000O\000C\000\040\000A\000U\000C}{subsection.6.2}% 78
\BOOKMARK [3][-]{subsubsection.6.2.57}{\376\377\000G\000r\000a\000n\000u\000l\000a\000r\000i\000d\000a\000d\000e\000:\000\040\000O\000L\000A\000\040\000-\000\040\000A\000C\000C\000U\000R\000A\000C\000Y}{subsection.6.2}% 79
\BOOKMARK [3][-]{subsubsection.6.2.58}{\376\377\000G\000r\000a\000n\000u\000l\000a\000r\000i\000d\000a\000d\000e\000:\000\040\000O\000L\000A\000\040\000-\000\040\000F\0001\000\040\000S\000C\000O\000R\000E}{subsection.6.2}% 80
\BOOKMARK [3][-]{subsubsection.6.2.59}{\376\377\000G\000r\000a\000n\000u\000l\000a\000r\000i\000d\000a\000d\000e\000:\000\040\000O\000L\000A\000\040\000-\000\040\000G\000\040\000M\000E\000A\000N}{subsection.6.2}% 81
\BOOKMARK [3][-]{subsubsection.6.2.60}{\376\377\000G\000r\000a\000n\000u\000l\000a\000r\000i\000d\000a\000d\000e\000:\000\040\000O\000L\000A\000\040\000-\000\040\000R\000O\000C\000\040\000A\000U\000C}{subsection.6.2}% 82
\BOOKMARK [3][-]{subsubsection.6.2.61}{\376\377\000G\000r\000a\000n\000u\000l\000a\000r\000i\000d\000a\000d\000e\000:\000\040\000P\000e\000r\000c\000e\000p\000\040\000-\000\040\000A\000C\000C\000U\000R\000A\000C\000Y}{subsection.6.2}% 83
\BOOKMARK [3][-]{subsubsection.6.2.62}{\376\377\000G\000r\000a\000n\000u\000l\000a\000r\000i\000d\000a\000d\000e\000:\000\040\000P\000e\000r\000c\000e\000p\000\040\000-\000\040\000F\0001\000\040\000S\000C\000O\000R\000E}{subsection.6.2}% 84
\BOOKMARK [3][-]{subsubsection.6.2.63}{\376\377\000G\000r\000a\000n\000u\000l\000a\000r\000i\000d\000a\000d\000e\000:\000\040\000P\000e\000r\000c\000e\000p\000\040\000-\000\040\000G\000\040\000M\000E\000A\000N}{subsection.6.2}% 85
\BOOKMARK [3][-]{subsubsection.6.2.64}{\376\377\000G\000r\000a\000n\000u\000l\000a\000r\000i\000d\000a\000d\000e\000:\000\040\000P\000e\000r\000c\000e\000p\000\040\000-\000\040\000R\000O\000C\000\040\000A\000U\000C}{subsection.6.2}% 86
\BOOKMARK [3][-]{subsubsection.6.2.65}{\376\377\000G\000r\000a\000n\000u\000l\000a\000r\000i\000d\000a\000d\000e\000:\000\040\000Q\000D\000A\000\040\000-\000\040\000A\000C\000C\000U\000R\000A\000C\000Y}{subsection.6.2}% 87
\BOOKMARK [3][-]{subsubsection.6.2.66}{\376\377\000G\000r\000a\000n\000u\000l\000a\000r\000i\000d\000a\000d\000e\000:\000\040\000Q\000D\000A\000\040\000-\000\040\000F\0001\000\040\000S\000C\000O\000R\000E}{subsection.6.2}% 88
\BOOKMARK [3][-]{subsubsection.6.2.67}{\376\377\000G\000r\000a\000n\000u\000l\000a\000r\000i\000d\000a\000d\000e\000:\000\040\000Q\000D\000A\000\040\000-\000\040\000G\000\040\000M\000E\000A\000N}{subsection.6.2}% 89
\BOOKMARK [3][-]{subsubsection.6.2.68}{\376\377\000G\000r\000a\000n\000u\000l\000a\000r\000i\000d\000a\000d\000e\000:\000\040\000Q\000D\000A\000\040\000-\000\040\000R\000O\000C\000\040\000A\000U\000C}{subsection.6.2}% 90
\BOOKMARK [3][-]{subsubsection.6.2.69}{\376\377\000G\000r\000a\000n\000u\000l\000a\000r\000i\000d\000a\000d\000e\000:\000\040\000R\000F\000\040\000-\000\040\000A\000C\000C\000U\000R\000A\000C\000Y}{subsection.6.2}% 91
\BOOKMARK [3][-]{subsubsection.6.2.70}{\376\377\000G\000r\000a\000n\000u\000l\000a\000r\000i\000d\000a\000d\000e\000:\000\040\000R\000F\000\040\000-\000\040\000F\0001\000\040\000S\000C\000O\000R\000E}{subsection.6.2}% 92
\BOOKMARK [3][-]{subsubsection.6.2.71}{\376\377\000G\000r\000a\000n\000u\000l\000a\000r\000i\000d\000a\000d\000e\000:\000\040\000R\000F\000\040\000-\000\040\000G\000\040\000M\000E\000A\000N}{subsection.6.2}% 93
\BOOKMARK [3][-]{subsubsection.6.2.72}{\376\377\000G\000r\000a\000n\000u\000l\000a\000r\000i\000d\000a\000d\000e\000:\000\040\000R\000F\000\040\000-\000\040\000R\000O\000C\000\040\000A\000U\000C}{subsection.6.2}% 94
\BOOKMARK [3][-]{subsubsection.6.2.73}{\376\377\000G\000r\000a\000n\000u\000l\000a\000r\000i\000d\000a\000d\000e\000:\000\040\000S\000V\000M\000_\000l\000i\000n\000\040\000-\000\040\000A\000C\000C\000U\000R\000A\000C\000Y}{subsection.6.2}% 95
\BOOKMARK [3][-]{subsubsection.6.2.74}{\376\377\000G\000r\000a\000n\000u\000l\000a\000r\000i\000d\000a\000d\000e\000:\000\040\000S\000V\000M\000_\000l\000i\000n\000\040\000-\000\040\000F\0001\000\040\000S\000C\000O\000R\000E}{subsection.6.2}% 96
\BOOKMARK [3][-]{subsubsection.6.2.75}{\376\377\000G\000r\000a\000n\000u\000l\000a\000r\000i\000d\000a\000d\000e\000:\000\040\000S\000V\000M\000_\000l\000i\000n\000\040\000-\000\040\000G\000\040\000M\000E\000A\000N}{subsection.6.2}% 97
\BOOKMARK [3][-]{subsubsection.6.2.76}{\376\377\000G\000r\000a\000n\000u\000l\000a\000r\000i\000d\000a\000d\000e\000:\000\040\000S\000V\000M\000_\000l\000i\000n\000\040\000-\000\040\000R\000O\000C\000\040\000A\000U\000C}{subsection.6.2}% 98
\BOOKMARK [3][-]{subsubsection.6.2.77}{\376\377\000G\000r\000a\000n\000u\000l\000a\000r\000i\000d\000a\000d\000e\000:\000\040\000S\000V\000M\000_\000r\000b\000f\000\040\000-\000\040\000A\000C\000C\000U\000R\000A\000C\000Y}{subsection.6.2}% 99
\BOOKMARK [3][-]{subsubsection.6.2.78}{\376\377\000G\000r\000a\000n\000u\000l\000a\000r\000i\000d\000a\000d\000e\000:\000\040\000S\000V\000M\000_\000r\000b\000f\000\040\000-\000\040\000F\0001\000\040\000S\000C\000O\000R\000E}{subsection.6.2}% 100
\BOOKMARK [3][-]{subsubsection.6.2.79}{\376\377\000G\000r\000a\000n\000u\000l\000a\000r\000i\000d\000a\000d\000e\000:\000\040\000S\000V\000M\000_\000r\000b\000f\000\040\000-\000\040\000G\000\040\000M\000E\000A\000N}{subsection.6.2}% 101
\BOOKMARK [3][-]{subsubsection.6.2.80}{\376\377\000G\000r\000a\000n\000u\000l\000a\000r\000i\000d\000a\000d\000e\000:\000\040\000S\000V\000M\000_\000r\000b\000f\000\040\000-\000\040\000R\000O\000C\000\040\000A\000U\000C}{subsection.6.2}% 102
\BOOKMARK [3][-]{subsubsection.6.2.81}{\376\377\000G\000r\000a\000n\000u\000l\000a\000r\000i\000d\000a\000d\000e\000:\000\040\000X\000G\000B\000o\000o\000s\000t\000\040\000-\000\040\000A\000C\000C\000U\000R\000A\000C\000Y}{subsection.6.2}% 103
\BOOKMARK [3][-]{subsubsection.6.2.82}{\376\377\000G\000r\000a\000n\000u\000l\000a\000r\000i\000d\000a\000d\000e\000:\000\040\000X\000G\000B\000o\000o\000s\000t\000\040\000-\000\040\000F\0001\000\040\000S\000C\000O\000R\000E}{subsection.6.2}% 104
\BOOKMARK [3][-]{subsubsection.6.2.83}{\376\377\000G\000r\000a\000n\000u\000l\000a\000r\000i\000d\000a\000d\000e\000:\000\040\000X\000G\000B\000o\000o\000s\000t\000\040\000-\000\040\000G\000\040\000M\000E\000A\000N}{subsection.6.2}% 105
\BOOKMARK [3][-]{subsubsection.6.2.84}{\376\377\000G\000r\000a\000n\000u\000l\000a\000r\000i\000d\000a\000d\000e\000:\000\040\000X\000G\000B\000o\000o\000s\000t\000\040\000-\000\040\000R\000O\000C\000\040\000A\000U\000C}{subsection.6.2}% 106
